// Jest Snapshot v1, https://goo.gl/fbAQLP

exports[`TextInput Rendering renders itself correctly 1`] = `
<View
  style={
    Array [
      Object {},
    ]
  }
>
  <TextInput
    editable={true}
    onBlur={[Function]}
    onChange={[MockFunction]}
    onFocus={[Function]}
    placeholderTextColor="#97A4AB"
    selectTextOnFocus={true}
    style={
      Array [
        Object {
          "backgroundColor": "#FFFFFF",
          "borderColor": "#DBE0E3",
          "borderLeftWidth": 1,
          "borderRadius": 3,
          "borderRightWidth": 1,
          "borderStyle": "solid",
          "borderTopWidth": 1,
          "borderWidth": 1,
          "color": "#1C2530",
          "fontFamily": "System",
          "fontSize": 16,
          "height": 44,
          "paddingBottom": 0,
          "paddingHorizontal": 11,
          "paddingTop": 0,
          "textAlignVertical": "center",
          "width": "100%",
        },
      ]
    }
    testID="input"
    underlineColorAndroid="transparent"
  />
</View>
`;

exports[`TextInput Rendering should render label when passed 1`] = `
<View
  style={
    Array [
      Object {},
    ]
  }
>
  <Text
    style={
      Array [
        Object {
          "color": "#1C2530",
          "fontFamily": "System",
          "fontSize": 18,
          "fontStyle": "normal",
          "fontWeight": "700",
          "marginBottom": 11,
          "textAlign": "left",
        },
      ]
    }
    testID="input-label"
    weight="bold"
  >
    A Label
     
  </Text>
  <TextInput
    editable={true}
    onBlur={[Function]}
    onChange={[MockFunction]}
    onFocus={[Function]}
    placeholderTextColor="#97A4AB"
    selectTextOnFocus={true}
    style={
      Array [
        Object {
          "backgroundColor": "#FFFFFF",
          "borderColor": "#DBE0E3",
          "borderLeftWidth": 1,
          "borderRadius": 3,
          "borderRightWidth": 1,
          "borderStyle": "solid",
          "borderTopWidth": 1,
          "borderWidth": 1,
          "color": "#1C2530",
          "fontFamily": "System",
          "fontSize": 16,
          "height": 44,
          "paddingBottom": 0,
          "paddingHorizontal": 11,
          "paddingTop": 0,
          "textAlignVertical": "center",
          "width": "100%",
        },
      ]
    }
    testID="input"
    underlineColorAndroid="transparent"
  />
</View>
`;

exports[`TextInput Rendering should render label with an asterisk when "required" 1`] = `
<View
  style={
    Array [
      Object {},
    ]
  }
>
  <Text
    style={
      Array [
        Object {
          "color": "#1C2530",
          "fontFamily": "System",
          "fontSize": 18,
          "fontStyle": "normal",
          "fontWeight": "700",
          "marginBottom": 11,
          "textAlign": "left",
        },
      ]
    }
    testID="input-label"
    weight="bold"
  >
    A Label
     
    <Text
      style={
        Array [
          Object {
            "color": "#EE4335",
            "fontFamily": "System",
            "fontSize": 18,
            "fontStyle": "normal",
            "fontWeight": "400",
            "textAlign": "left",
          },
        ]
      }
      testID="input-label-asterisk"
    >
      *
    </Text>
  </Text>
  <TextInput
    editable={true}
    onBlur={[Function]}
    onChange={[MockFunction]}
    onFocus={[Function]}
    placeholderTextColor="#97A4AB"
    selectTextOnFocus={true}
    style={
      Array [
        Object {
          "backgroundColor": "#FFFFFF",
          "borderColor": "#DBE0E3",
          "borderLeftWidth": 1,
          "borderRadius": 3,
          "borderRightWidth": 1,
          "borderStyle": "solid",
          "borderTopWidth": 1,
          "borderWidth": 1,
          "color": "#1C2530",
          "fontFamily": "System",
          "fontSize": 16,
          "height": 44,
          "paddingBottom": 0,
          "paddingHorizontal": 11,
          "paddingTop": 0,
          "textAlignVertical": "center",
          "width": "100%",
        },
      ]
    }
    testID="input"
    underlineColorAndroid="transparent"
  />
</View>
`;
